// Jest Snapshot v1, https://goo.gl/fbAQLP

exports[`Test player Component should render the component 1`] = `ReactWrapper {}`;
