// Jest Snapshot v1, https://goo.gl/fbAQLP

exports[`Test ResetPassword Component should render the component 1`] = `ReactWrapper {}`;
