// Jest Snapshot v1, https://goo.gl/fbAQLP

exports[`Test Update user Component should render the component 1`] = `ShallowWrapper {}`;
