// Jest Snapshot v1, https://goo.gl/fbAQLP

exports[`Testing viewTeam component should mount 1`] = `ShallowWrapper {}`;
